// Rstest Snapshot v1

exports[`[SNAPSHOT] Typography > Base default 1`] = `
<p
  class="src-ui-Typography-src-index-module__Typography-ru9vNS src-ui-Typography-src-index-module__Typography--type-base-l7OoAQ"
>
  Some test message with Base
</p>
`;

exports[`[SNAPSHOT] Typography > Base with all props 1`] = `
<code
  aria-label="some-label"
  class="src-ui-Typography-src-index-module__Typography-ru9vNS src-ui-Typography-src-index-module__Typography--type-base-l7OoAQ test src-ui-Typography-src-index-module__Typography--italic-oW7oVL src-ui-Typography-src-index-module__Typography--truncated-xYvElo src-ui-Typography-src-index-module__Typography--align-right-QlDtUv src-ui-Typography-src-index-module__Typography--case-uppercase-sx41TI src-ui-Typography-src-index-module__Typography--weight-bold-WJgBzA"
  id="testid"
>
  Some test message with Base
</code>
`;

exports[`[SNAPSHOT] Typography > Heading1 default 1`] = `
<h1
  class="src-ui-Typography-src-index-module__Typography-ru9vNS src-ui-Typography-src-index-module__Typography--type-heading-1-bJG77e"
>
  Some test message with Heading1
</h1>
`;

exports[`[SNAPSHOT] Typography > Heading1 with all props 1`] = `
<code
  aria-label="some-label"
  class="src-ui-Typography-src-index-module__Typography-ru9vNS src-ui-Typography-src-index-module__Typography--type-heading-1-bJG77e test src-ui-Typography-src-index-module__Typography--italic-oW7oVL src-ui-Typography-src-index-module__Typography--truncated-xYvElo src-ui-Typography-src-index-module__Typography--align-right-QlDtUv src-ui-Typography-src-index-module__Typography--case-uppercase-sx41TI src-ui-Typography-src-index-module__Typography--weight-bold-WJgBzA"
  id="testid"
>
  Some test message with Heading1
</code>
`;

exports[`[SNAPSHOT] Typography > Heading2 default 1`] = `
<h2
  class="src-ui-Typography-src-index-module__Typography-ru9vNS src-ui-Typography-src-index-module__Typography--type-heading-2-Zy8Xp9"
>
  Some test message with Heading2
</h2>
`;

exports[`[SNAPSHOT] Typography > Heading2 with all props 1`] = `
<code
  aria-label="some-label"
  class="src-ui-Typography-src-index-module__Typography-ru9vNS src-ui-Typography-src-index-module__Typography--type-heading-2-Zy8Xp9 test src-ui-Typography-src-index-module__Typography--italic-oW7oVL src-ui-Typography-src-index-module__Typography--truncated-xYvElo src-ui-Typography-src-index-module__Typography--align-right-QlDtUv src-ui-Typography-src-index-module__Typography--case-uppercase-sx41TI src-ui-Typography-src-index-module__Typography--weight-bold-WJgBzA"
  id="testid"
>
  Some test message with Heading2
</code>
`;

exports[`[SNAPSHOT] Typography > Heading3 default 1`] = `
<h3
  class="src-ui-Typography-src-index-module__Typography-ru9vNS src-ui-Typography-src-index-module__Typography--type-heading-3-lJ68Z3"
>
  Some test message with Heading3
</h3>
`;

exports[`[SNAPSHOT] Typography > Heading3 with all props 1`] = `
<code
  aria-label="some-label"
  class="src-ui-Typography-src-index-module__Typography-ru9vNS src-ui-Typography-src-index-module__Typography--type-heading-3-lJ68Z3 test src-ui-Typography-src-index-module__Typography--italic-oW7oVL src-ui-Typography-src-index-module__Typography--truncated-xYvElo src-ui-Typography-src-index-module__Typography--align-right-QlDtUv src-ui-Typography-src-index-module__Typography--case-uppercase-sx41TI src-ui-Typography-src-index-module__Typography--weight-bold-WJgBzA"
  id="testid"
>
  Some test message with Heading3
</code>
`;

exports[`[SNAPSHOT] Typography > Large default 1`] = `
<p
  class="src-ui-Typography-src-index-module__Typography-ru9vNS src-ui-Typography-src-index-module__Typography--type-large-lDI0Mp"
>
  Some test message with Large
</p>
`;

exports[`[SNAPSHOT] Typography > Large with all props 1`] = `
<code
  aria-label="some-label"
  class="src-ui-Typography-src-index-module__Typography-ru9vNS src-ui-Typography-src-index-module__Typography--type-large-lDI0Mp test src-ui-Typography-src-index-module__Typography--italic-oW7oVL src-ui-Typography-src-index-module__Typography--truncated-xYvElo src-ui-Typography-src-index-module__Typography--align-right-QlDtUv src-ui-Typography-src-index-module__Typography--case-uppercase-sx41TI src-ui-Typography-src-index-module__Typography--weight-bold-WJgBzA"
  id="testid"
>
  Some test message with Large
</code>
`;

exports[`[SNAPSHOT] Typography > Micro default 1`] = `
<p
  class="src-ui-Typography-src-index-module__Typography-ru9vNS src-ui-Typography-src-index-module__Typography--type-micro-TAnjBM"
>
  Some test message with Micro
</p>
`;

exports[`[SNAPSHOT] Typography > Micro with all props 1`] = `
<code
  aria-label="some-label"
  class="src-ui-Typography-src-index-module__Typography-ru9vNS src-ui-Typography-src-index-module__Typography--type-micro-TAnjBM test src-ui-Typography-src-index-module__Typography--italic-oW7oVL src-ui-Typography-src-index-module__Typography--truncated-xYvElo src-ui-Typography-src-index-module__Typography--align-right-QlDtUv src-ui-Typography-src-index-module__Typography--case-uppercase-sx41TI src-ui-Typography-src-index-module__Typography--weight-bold-WJgBzA"
  id="testid"
>
  Some test message with Micro
</code>
`;

exports[`[SNAPSHOT] Typography > Small default 1`] = `
<p
  class="src-ui-Typography-src-index-module__Typography-ru9vNS src-ui-Typography-src-index-module__Typography--type-small-yM8cRT"
>
  Some test message with Small
</p>
`;

exports[`[SNAPSHOT] Typography > Small with all props 1`] = `
<code
  aria-label="some-label"
  class="src-ui-Typography-src-index-module__Typography-ru9vNS src-ui-Typography-src-index-module__Typography--type-small-yM8cRT test src-ui-Typography-src-index-module__Typography--italic-oW7oVL src-ui-Typography-src-index-module__Typography--truncated-xYvElo src-ui-Typography-src-index-module__Typography--align-right-QlDtUv src-ui-Typography-src-index-module__Typography--case-uppercase-sx41TI src-ui-Typography-src-index-module__Typography--weight-bold-WJgBzA"
  id="testid"
>
  Some test message with Small
</code>
`;

exports[`[SNAPSHOT] Typography > Subtitle default 1`] = `
<p
  class="src-ui-Typography-src-index-module__Typography-ru9vNS src-ui-Typography-src-index-module__Typography--type-subtitle-GhICBm"
>
  Some test message with Subtitle
</p>
`;

exports[`[SNAPSHOT] Typography > Subtitle with all props 1`] = `
<code
  aria-label="some-label"
  class="src-ui-Typography-src-index-module__Typography-ru9vNS src-ui-Typography-src-index-module__Typography--type-subtitle-GhICBm test src-ui-Typography-src-index-module__Typography--italic-oW7oVL src-ui-Typography-src-index-module__Typography--truncated-xYvElo src-ui-Typography-src-index-module__Typography--align-right-QlDtUv src-ui-Typography-src-index-module__Typography--case-uppercase-sx41TI src-ui-Typography-src-index-module__Typography--weight-bold-WJgBzA"
  id="testid"
>
  Some test message with Subtitle
</code>
`;

exports[`[SNAPSHOT] Typography > Title default 1`] = `
<p
  class="src-ui-Typography-src-index-module__Typography-ru9vNS src-ui-Typography-src-index-module__Typography--type-title-cwCjzK"
>
  Some test message with Title
</p>
`;

exports[`[SNAPSHOT] Typography > Title with all props 1`] = `
<code
  aria-label="some-label"
  class="src-ui-Typography-src-index-module__Typography-ru9vNS src-ui-Typography-src-index-module__Typography--type-title-cwCjzK test src-ui-Typography-src-index-module__Typography--italic-oW7oVL src-ui-Typography-src-index-module__Typography--truncated-xYvElo src-ui-Typography-src-index-module__Typography--align-right-QlDtUv src-ui-Typography-src-index-module__Typography--case-uppercase-sx41TI src-ui-Typography-src-index-module__Typography--weight-bold-WJgBzA"
  id="testid"
>
  Some test message with Title
</code>
`;
