// Rstest Snapshot v1

exports[`[SNAPSHOT] Flex > Default render 1`] = `
<div
  class="src-ui-Flex-src-index-module__Flex-hw5lRl"
  data-testid="flex"
>
  <div />
  <div />
</div>
`;

exports[`[SNAPSHOT] Flex > With all props render 1`] = `
<div
  class="src-ui-Flex-src-index-module__Flex-hw5lRl test-custom-class src-ui-Flex-src-index-module__Flex--direction-column-reverse-b8WImI src-ui-Flex-src-index-module__Flex--justify-space-between-lEiszM src-ui-Flex-src-index-module__Flex--align-baseline-novKYW src-ui-Flex-src-index-module__Flex--gap-12x-bhmH0q src-ui-Flex-src-index-module__Flex--inline-mkGmt2 src-ui-Flex-src-index-module__Flex--wrap-F17m7_"
  data-testid="flex"
>
  <div />
  <div />
</div>
`;
